// Jest Snapshot v1, https://goo.gl/fbAQLP

exports[`renders App.js correctly 1`] = `
<div
  id="requiredContainer"
>
  loading content
</div>
`;
