// Jest Snapshot v1, https://goo.gl/fbAQLP

exports[`renders PokeItem.js correctly 1`] = `
<div
  id="pokemonContainer"
>
  <li
    id="pokemon-list"
  >
    <h1 />
    <img
      alt=""
      id="pokemon-images"
    />
    <h3>
      Type: 
    </h3>
    <h3>
      Ability: 
    </h3>
    <h3>
      Base experience: 
    </h3>
    <h3>
      Speed: 
    </h3>
  </li>
</div>
`;
